// Vitest Snapshot v1, https://vitest.dev/guide/snapshot.html

exports[`BBCode > Converts markdown to BBCode 1`] = `
"[h1]Test[/h1]

This is a test.

[h2]Subheading[/h2]

This is a subheading.

[h3]Subsubheading[/h3]

This is a subsubheading.

[h4]Subsubsubheading[/h4]

This is a subsubsubheading.

[h5]Subsubsubsubheading[/h5]

This is a subsubsubsubheading.

[h6]Subsubsubsubsubheading[/h6]

This is a subsubsubsubsubheading.

[list]
	[*] This is a list item.
	[*] This is another list item.
	[*] This is a third list item.
[/list]"
`;
